// Jest Snapshot v1, https://goo.gl/fbAQLP

exports[`ProductTitle ProductTitle Link attribute 'to'  1`] = `ShallowWrapper {}`;
