// Jest Snapshot v1, https://goo.gl/fbAQLP

exports[`UserPage UserPage check values 1`] = `ReactWrapper {}`;
